11:29:21 **** Build of configuration Debug for project MKS2 ****
make -j4 all 
arm-none-eabi-gcc "../Drivers/STM32F0xx_HAL_Driver/Src/stm32f0xx_ll_dma.c" -mcpu=cortex-m0 -std=gnu11 -g3 -DDEBUG -DSTM32F030x8 -DUSE_FULL_LL_DRIVER -DHSE_VALUE=8000000 -DHSE_STARTUP_TIMEOUT=100 -DLSE_STARTUP_TIMEOUT=5000 -DLSE_VALUE=32768 -DHSI_VALUE=8000000 -DLSI_VALUE=40000 -DVDD_VALUE=3300 -DPREFETCH_ENABLE=1 -DINSTRUCTION_CACHE_ENABLE=0 -DDATA_CACHE_ENABLE=0 -c -I../Core/Inc -I../Drivers/STM32F0xx_HAL_Driver/Inc -I../Drivers/CMSIS/Device/ST/STM32F0xx/Include -I../Drivers/CMSIS/Include -O0 -ffunction-sections -fdata-sections -Wall -fstack-usage -fcyclomatic-complexity -MMD -MP -MF"Drivers/STM32F0xx_HAL_Driver/Src/stm32f0xx_ll_dma.d" -MT"Drivers/STM32F0xx_HAL_Driver/Src/stm32f0xx_ll_dma.o" --specs=nano.specs -mfloat-abi=soft -mthumb -o "Drivers/STM32F0xx_HAL_Driver/Src/stm32f0xx_ll_dma.o"
arm-none-eabi-gcc "../Drivers/STM32F0xx_HAL_Driver/Src/stm32f0xx_ll_exti.c" -mcpu=cortex-m0 -std=gnu11 -g3 -DDEBUG -DSTM32F030x8 -DUSE_FULL_LL_DRIVER -DHSE_VALUE=8000000 -DHSE_STARTUP_TIMEOUT=100 -DLSE_STARTUP_TIMEOUT=5000 -DLSE_VALUE=32768 -DHSI_VALUE=8000000 -DLSI_VALUE=40000 -DVDD_VALUE=3300 -DPREFETCH_ENABLE=1 -DINSTRUCTION_CACHE_ENABLE=0 -DDATA_CACHE_ENABLE=0 -c -I../Core/Inc -I../Drivers/STM32F0xx_HAL_Driver/Inc -I../Drivers/CMSIS/Device/ST/STM32F0xx/Include -I../Drivers/CMSIS/Include -O0 -ffunction-sections -fdata-sections -Wall -fstack-usage -fcyclomatic-complexity -MMD -MP -MF"Drivers/STM32F0xx_HAL_Driver/Src/stm32f0xx_ll_exti.d" -MT"Drivers/STM32F0xx_HAL_Driver/Src/stm32f0xx_ll_exti.o" --specs=nano.specs -mfloat-abi=soft -mthumb -o "Drivers/STM32F0xx_HAL_Driver/Src/stm32f0xx_ll_exti.o"
arm-none-eabi-gcc "../Drivers/STM32F0xx_HAL_Driver/Src/stm32f0xx_ll_gpio.c" -mcpu=cortex-m0 -std=gnu11 -g3 -DDEBUG -DSTM32F030x8 -DUSE_FULL_LL_DRIVER -DHSE_VALUE=8000000 -DHSE_STARTUP_TIMEOUT=100 -DLSE_STARTUP_TIMEOUT=5000 -DLSE_VALUE=32768 -DHSI_VALUE=8000000 -DLSI_VALUE=40000 -DVDD_VALUE=3300 -DPREFETCH_ENABLE=1 -DINSTRUCTION_CACHE_ENABLE=0 -DDATA_CACHE_ENABLE=0 -c -I../Core/Inc -I../Drivers/STM32F0xx_HAL_Driver/Inc -I../Drivers/CMSIS/Device/ST/STM32F0xx/Include -I../Drivers/CMSIS/Include -O0 -ffunction-sections -fdata-sections -Wall -fstack-usage -fcyclomatic-complexity -MMD -MP -MF"Drivers/STM32F0xx_HAL_Driver/Src/stm32f0xx_ll_gpio.d" -MT"Drivers/STM32F0xx_HAL_Driver/Src/stm32f0xx_ll_gpio.o" --specs=nano.specs -mfloat-abi=soft -mthumb -o "Drivers/STM32F0xx_HAL_Driver/Src/stm32f0xx_ll_gpio.o"
arm-none-eabi-gcc "../Drivers/STM32F0xx_HAL_Driver/Src/stm32f0xx_ll_pwr.c" -mcpu=cortex-m0 -std=gnu11 -g3 -DDEBUG -DSTM32F030x8 -DUSE_FULL_LL_DRIVER -DHSE_VALUE=8000000 -DHSE_STARTUP_TIMEOUT=100 -DLSE_STARTUP_TIMEOUT=5000 -DLSE_VALUE=32768 -DHSI_VALUE=8000000 -DLSI_VALUE=40000 -DVDD_VALUE=3300 -DPREFETCH_ENABLE=1 -DINSTRUCTION_CACHE_ENABLE=0 -DDATA_CACHE_ENABLE=0 -c -I../Core/Inc -I../Drivers/STM32F0xx_HAL_Driver/Inc -I../Drivers/CMSIS/Device/ST/STM32F0xx/Include -I../Drivers/CMSIS/Include -O0 -ffunction-sections -fdata-sections -Wall -fstack-usage -fcyclomatic-complexity -MMD -MP -MF"Drivers/STM32F0xx_HAL_Driver/Src/stm32f0xx_ll_pwr.d" -MT"Drivers/STM32F0xx_HAL_Driver/Src/stm32f0xx_ll_pwr.o" --specs=nano.specs -mfloat-abi=soft -mthumb -o "Drivers/STM32F0xx_HAL_Driver/Src/stm32f0xx_ll_pwr.o"
arm-none-eabi-gcc "../Drivers/STM32F0xx_HAL_Driver/Src/stm32f0xx_ll_rcc.c" -mcpu=cortex-m0 -std=gnu11 -g3 -DDEBUG -DSTM32F030x8 -DUSE_FULL_LL_DRIVER -DHSE_VALUE=8000000 -DHSE_STARTUP_TIMEOUT=100 -DLSE_STARTUP_TIMEOUT=5000 -DLSE_VALUE=32768 -DHSI_VALUE=8000000 -DLSI_VALUE=40000 -DVDD_VALUE=3300 -DPREFETCH_ENABLE=1 -DINSTRUCTION_CACHE_ENABLE=0 -DDATA_CACHE_ENABLE=0 -c -I../Core/Inc -I../Drivers/STM32F0xx_HAL_Driver/Inc -I../Drivers/CMSIS/Device/ST/STM32F0xx/Include -I../Drivers/CMSIS/Include -O0 -ffunction-sections -fdata-sections -Wall -fstack-usage -fcyclomatic-complexity -MMD -MP -MF"Drivers/STM32F0xx_HAL_Driver/Src/stm32f0xx_ll_rcc.d" -MT"Drivers/STM32F0xx_HAL_Driver/Src/stm32f0xx_ll_rcc.o" --specs=nano.specs -mfloat-abi=soft -mthumb -o "Drivers/STM32F0xx_HAL_Driver/Src/stm32f0xx_ll_rcc.o"
arm-none-eabi-gcc "../Drivers/STM32F0xx_HAL_Driver/Src/stm32f0xx_ll_usart.c" -mcpu=cortex-m0 -std=gnu11 -g3 -DDEBUG -DSTM32F030x8 -DUSE_FULL_LL_DRIVER -DHSE_VALUE=8000000 -DHSE_STARTUP_TIMEOUT=100 -DLSE_STARTUP_TIMEOUT=5000 -DLSE_VALUE=32768 -DHSI_VALUE=8000000 -DLSI_VALUE=40000 -DVDD_VALUE=3300 -DPREFETCH_ENABLE=1 -DINSTRUCTION_CACHE_ENABLE=0 -DDATA_CACHE_ENABLE=0 -c -I../Core/Inc -I../Drivers/STM32F0xx_HAL_Driver/Inc -I../Drivers/CMSIS/Device/ST/STM32F0xx/Include -I../Drivers/CMSIS/Include -O0 -ffunction-sections -fdata-sections -Wall -fstack-usage -fcyclomatic-complexity -MMD -MP -MF"Drivers/STM32F0xx_HAL_Driver/Src/stm32f0xx_ll_usart.d" -MT"Drivers/STM32F0xx_HAL_Driver/Src/stm32f0xx_ll_usart.o" --specs=nano.specs -mfloat-abi=soft -mthumb -o "Drivers/STM32F0xx_HAL_Driver/Src/stm32f0xx_ll_usart.o"
arm-none-eabi-gcc "../Drivers/STM32F0xx_HAL_Driver/Src/stm32f0xx_ll_utils.c" -mcpu=cortex-m0 -std=gnu11 -g3 -DDEBUG -DSTM32F030x8 -DUSE_FULL_LL_DRIVER -DHSE_VALUE=8000000 -DHSE_STARTUP_TIMEOUT=100 -DLSE_STARTUP_TIMEOUT=5000 -DLSE_VALUE=32768 -DHSI_VALUE=8000000 -DLSI_VALUE=40000 -DVDD_VALUE=3300 -DPREFETCH_ENABLE=1 -DINSTRUCTION_CACHE_ENABLE=0 -DDATA_CACHE_ENABLE=0 -c -I../Core/Inc -I../Drivers/STM32F0xx_HAL_Driver/Inc -I../Drivers/CMSIS/Device/ST/STM32F0xx/Include -I../Drivers/CMSIS/Include -O0 -ffunction-sections -fdata-sections -Wall -fstack-usage -fcyclomatic-complexity -MMD -MP -MF"Drivers/STM32F0xx_HAL_Driver/Src/stm32f0xx_ll_utils.d" -MT"Drivers/STM32F0xx_HAL_Driver/Src/stm32f0xx_ll_utils.o" --specs=nano.specs -mfloat-abi=soft -mthumb -o "Drivers/STM32F0xx_HAL_Driver/Src/stm32f0xx_ll_utils.o"
arm-none-eabi-gcc -mcpu=cortex-m0 -g3 -DDEBUG -c -x assembler-with-cpp -MMD -MP -MF"Core/Startup/startup_stm32f030r8tx.d" -MT"Core/Startup/startup_stm32f030r8tx.o" --specs=nano.specs -mfloat-abi=soft -mthumb -o "Core/Startup/startup_stm32f030r8tx.o" "../Core/Startup/startup_stm32f030r8tx.s"
arm-none-eabi-gcc "../Core/Src/main.c" -mcpu=cortex-m0 -std=gnu11 -g3 -DDEBUG -DSTM32F030x8 -DUSE_FULL_LL_DRIVER -DHSE_VALUE=8000000 -DHSE_STARTUP_TIMEOUT=100 -DLSE_STARTUP_TIMEOUT=5000 -DLSE_VALUE=32768 -DHSI_VALUE=8000000 -DLSI_VALUE=40000 -DVDD_VALUE=3300 -DPREFETCH_ENABLE=1 -DINSTRUCTION_CACHE_ENABLE=0 -DDATA_CACHE_ENABLE=0 -c -I../Core/Inc -I../Drivers/STM32F0xx_HAL_Driver/Inc -I../Drivers/CMSIS/Device/ST/STM32F0xx/Include -I../Drivers/CMSIS/Include -O0 -ffunction-sections -fdata-sections -Wall -fstack-usage -fcyclomatic-complexity -MMD -MP -MF"Core/Src/main.d" -MT"Core/Src/main.o" --specs=nano.specs -mfloat-abi=soft -mthumb -o "Core/Src/main.o"
arm-none-eabi-gcc "../Core/Src/stm32f0xx_it.c" -mcpu=cortex-m0 -std=gnu11 -g3 -DDEBUG -DSTM32F030x8 -DUSE_FULL_LL_DRIVER -DHSE_VALUE=8000000 -DHSE_STARTUP_TIMEOUT=100 -DLSE_STARTUP_TIMEOUT=5000 -DLSE_VALUE=32768 -DHSI_VALUE=8000000 -DLSI_VALUE=40000 -DVDD_VALUE=3300 -DPREFETCH_ENABLE=1 -DINSTRUCTION_CACHE_ENABLE=0 -DDATA_CACHE_ENABLE=0 -c -I../Core/Inc -I../Drivers/STM32F0xx_HAL_Driver/Inc -I../Drivers/CMSIS/Device/ST/STM32F0xx/Include -I../Drivers/CMSIS/Include -O0 -ffunction-sections -fdata-sections -Wall -fstack-usage -fcyclomatic-complexity -MMD -MP -MF"Core/Src/stm32f0xx_it.d" -MT"Core/Src/stm32f0xx_it.o" --specs=nano.specs -mfloat-abi=soft -mthumb -o "Core/Src/stm32f0xx_it.o"
arm-none-eabi-gcc "../Core/Src/syscalls.c" -mcpu=cortex-m0 -std=gnu11 -g3 -DDEBUG -DSTM32F030x8 -DUSE_FULL_LL_DRIVER -DHSE_VALUE=8000000 -DHSE_STARTUP_TIMEOUT=100 -DLSE_STARTUP_TIMEOUT=5000 -DLSE_VALUE=32768 -DHSI_VALUE=8000000 -DLSI_VALUE=40000 -DVDD_VALUE=3300 -DPREFETCH_ENABLE=1 -DINSTRUCTION_CACHE_ENABLE=0 -DDATA_CACHE_ENABLE=0 -c -I../Core/Inc -I../Drivers/STM32F0xx_HAL_Driver/Inc -I../Drivers/CMSIS/Device/ST/STM32F0xx/Include -I../Drivers/CMSIS/Include -O0 -ffunction-sections -fdata-sections -Wall -fstack-usage -fcyclomatic-complexity -MMD -MP -MF"Core/Src/syscalls.d" -MT"Core/Src/syscalls.o" --specs=nano.specs -mfloat-abi=soft -mthumb -o "Core/Src/syscalls.o"
arm-none-eabi-gcc "../Core/Src/sysmem.c" -mcpu=cortex-m0 -std=gnu11 -g3 -DDEBUG -DSTM32F030x8 -DUSE_FULL_LL_DRIVER -DHSE_VALUE=8000000 -DHSE_STARTUP_TIMEOUT=100 -DLSE_STARTUP_TIMEOUT=5000 -DLSE_VALUE=32768 -DHSI_VALUE=8000000 -DLSI_VALUE=40000 -DVDD_VALUE=3300 -DPREFETCH_ENABLE=1 -DINSTRUCTION_CACHE_ENABLE=0 -DDATA_CACHE_ENABLE=0 -c -I../Core/Inc -I../Drivers/STM32F0xx_HAL_Driver/Inc -I../Drivers/CMSIS/Device/ST/STM32F0xx/Include -I../Drivers/CMSIS/Include -O0 -ffunction-sections -fdata-sections -Wall -fstack-usage -fcyclomatic-complexity -MMD -MP -MF"Core/Src/sysmem.d" -MT"Core/Src/sysmem.o" --specs=nano.specs -mfloat-abi=soft -mthumb -o "Core/Src/sysmem.o"
arm-none-eabi-gcc "../Core/Src/system_stm32f0xx.c" -mcpu=cortex-m0 -std=gnu11 -g3 -DDEBUG -DSTM32F030x8 -DUSE_FULL_LL_DRIVER -DHSE_VALUE=8000000 -DHSE_STARTUP_TIMEOUT=100 -DLSE_STARTUP_TIMEOUT=5000 -DLSE_VALUE=32768 -DHSI_VALUE=8000000 -DLSI_VALUE=40000 -DVDD_VALUE=3300 -DPREFETCH_ENABLE=1 -DINSTRUCTION_CACHE_ENABLE=0 -DDATA_CACHE_ENABLE=0 -c -I../Core/Inc -I../Drivers/STM32F0xx_HAL_Driver/Inc -I../Drivers/CMSIS/Device/ST/STM32F0xx/Include -I../Drivers/CMSIS/Include -O0 -ffunction-sections -fdata-sections -Wall -fstack-usage -fcyclomatic-complexity -MMD -MP -MF"Core/Src/system_stm32f0xx.d" -MT"Core/Src/system_stm32f0xx.o" --specs=nano.specs -mfloat-abi=soft -mthumb -o "Core/Src/system_stm32f0xx.o"
arm-none-eabi-gcc -o "MKS2.elf" @"objects.list"   -mcpu=cortex-m0 -T"C:\Temp\Hajka\MKS2025\MKS2\MKS2\STM32F030R8TX_FLASH.ld" --specs=nosys.specs -Wl,-Map="MKS2.map" -Wl,--gc-sections -static --specs=nano.specs -mfloat-abi=soft -mthumb -Wl,--start-group -lc -lm -Wl,--end-group
Finished building target: MKS2.elf
 
arm-none-eabi-size  MKS2.elf 
arm-none-eabi-objdump -h -S MKS2.elf  > "MKS2.list"
   text	   data	    bss	    dec	    hex	filename
   5368	      4	   1564	   6936	   1b18	MKS2.elf
Finished building: default.size.stdout
 
Finished building: MKS2.list
 
11:29:36 **** Incremental Build of configuration Debug for project MKS2 ****
make -j4 all 
arm-none-eabi-gcc "../Core/Src/stm32f0xx_it.c" -mcpu=cortex-m0 -std=gnu11 -g3 -DDEBUG -DSTM32F030x8 -DUSE_FULL_LL_DRIVER -DHSE_VALUE=8000000 -DHSE_STARTUP_TIMEOUT=100 -DLSE_STARTUP_TIMEOUT=5000 -DLSE_VALUE=32768 -DHSI_VALUE=8000000 -DLSI_VALUE=40000 -DVDD_VALUE=3300 -DPREFETCH_ENABLE=1 -DINSTRUCTION_CACHE_ENABLE=0 -DDATA_CACHE_ENABLE=0 -c -I../Core/Inc -I../Drivers/STM32F0xx_HAL_Driver/Inc -I../Drivers/CMSIS/Device/ST/STM32F0xx/Include -I../Drivers/CMSIS/Include -O0 -ffunction-sections -fdata-sections -Wall -fstack-usage -fcyclomatic-complexity -MMD -MP -MF"Core/Src/stm32f0xx_it.d" -MT"Core/Src/stm32f0xx_it.o" --specs=nano.specs -mfloat-abi=soft -mthumb -o "Core/Src/stm32f0xx_it.o"
arm-none-eabi-gcc -o "MKS2.elf" @"objects.list"   -mcpu=cortex-m0 -T"C:\Temp\Hajka\MKS2025\MKS2\MKS2\STM32F030R8TX_FLASH.ld" --specs=nosys.specs -Wl,-Map="MKS2.map" -Wl,--gc-sections -static --specs=nano.specs -mfloat-abi=soft -mthumb -Wl,--start-group -lc -lm -Wl,--end-group
Finished building target: MKS2.elf
 
arm-none-eabi-size  MKS2.elf 
arm-none-eabi-objdump -h -S MKS2.elf  > "MKS2.list"
   text	   data	    bss	    dec	    hex	filename
   5428	      4	   1564	   6996	   1b54	MKS2.elf
Finished building: default.size.stdout
 
Finished building: MKS2.list
 
11:30:22 **** Incremental Build of configuration Debug for project MKS2 ****
make -j4 all 
arm-none-eabi-size  MKS2.elf 
   text	   data	    bss	    dec	    hex	filename
   5428	      4	   1564	   6996	   1b54	MKS2.elf
Finished building: default.size.stdout
 
11:31:05 **** Incremental Build of configuration Debug for project MKS2 ****
make -j4 all 
arm-none-eabi-size  MKS2.elf 
   text	   data	    bss	    dec	    hex	filename
   5428	      4	   1564	   6996	   1b54	MKS2.elf
Finished building: default.size.stdout
 
11:36:20 **** Incremental Build of configuration Debug for project MKS2 ****
make -j4 all 
arm-none-eabi-gcc "../Core/Src/main.c" -mcpu=cortex-m0 -std=gnu11 -g3 -DDEBUG -DSTM32F030x8 -DUSE_FULL_LL_DRIVER -DHSE_VALUE=8000000 -DHSE_STARTUP_TIMEOUT=100 -DLSE_STARTUP_TIMEOUT=5000 -DLSE_VALUE=32768 -DHSI_VALUE=8000000 -DLSI_VALUE=40000 -DVDD_VALUE=3300 -DPREFETCH_ENABLE=1 -DINSTRUCTION_CACHE_ENABLE=0 -DDATA_CACHE_ENABLE=0 -c -I../Core/Inc -I../Drivers/STM32F0xx_HAL_Driver/Inc -I../Drivers/CMSIS/Device/ST/STM32F0xx/Include -I../Drivers/CMSIS/Include -O0 -ffunction-sections -fdata-sections -Wall -fstack-usage -fcyclomatic-complexity -MMD -MP -MF"Core/Src/main.d" -MT"Core/Src/main.o" --specs=nano.specs -mfloat-abi=soft -mthumb -o "Core/Src/main.o"
../Core/Src/main.c: In function 'main':
../Core/Src/main.c:105:21: error: 'Tick' undeclared (first use in this function)
  105 |                 if (Tick > (DelayCnt + 300)) {
      |                     ^~~~
../Core/Src/main.c:105:21: note: each undeclared identifier is reported only once for each function it appears in
../Core/Src/main.c:106:21: error: 'GPIO_D' undeclared (first use in this function); did you mean 'GPIOD'?
  106 |                     GPIO_D->BRR = (1<<0);      // Turn off LED
      |                     ^~~~~~
      |                     GPIOD
make: *** [Core/Src/subdir.mk:31: Core/Src/main.o] Error 1
"make -j4 all" terminated with exit code 2. Build might be incomplete.
11:49:50 **** Incremental Build of configuration Debug for project MKS2 ****
make -j4 all 
arm-none-eabi-gcc "../Core/Src/main.c" -mcpu=cortex-m0 -std=gnu11 -g3 -DDEBUG -DSTM32F030x8 -DUSE_FULL_LL_DRIVER -DHSE_VALUE=8000000 -DHSE_STARTUP_TIMEOUT=100 -DLSE_STARTUP_TIMEOUT=5000 -DLSE_VALUE=32768 -DHSI_VALUE=8000000 -DLSI_VALUE=40000 -DVDD_VALUE=3300 -DPREFETCH_ENABLE=1 -DINSTRUCTION_CACHE_ENABLE=0 -DDATA_CACHE_ENABLE=0 -c -I../Core/Inc -I../Drivers/STM32F0xx_HAL_Driver/Inc -I../Drivers/CMSIS/Device/ST/STM32F0xx/Include -I../Drivers/CMSIS/Include -O0 -ffunction-sections -fdata-sections -Wall -fstack-usage -fcyclomatic-complexity -MMD -MP -MF"Core/Src/main.d" -MT"Core/Src/main.o" --specs=nano.specs -mfloat-abi=soft -mthumb -o "Core/Src/main.o"
arm-none-eabi-gcc "../Core/Src/stm32f0xx_it.c" -mcpu=cortex-m0 -std=gnu11 -g3 -DDEBUG -DSTM32F030x8 -DUSE_FULL_LL_DRIVER -DHSE_VALUE=8000000 -DHSE_STARTUP_TIMEOUT=100 -DLSE_STARTUP_TIMEOUT=5000 -DLSE_VALUE=32768 -DHSI_VALUE=8000000 -DLSI_VALUE=40000 -DVDD_VALUE=3300 -DPREFETCH_ENABLE=1 -DINSTRUCTION_CACHE_ENABLE=0 -DDATA_CACHE_ENABLE=0 -c -I../Core/Inc -I../Drivers/STM32F0xx_HAL_Driver/Inc -I../Drivers/CMSIS/Device/ST/STM32F0xx/Include -I../Drivers/CMSIS/Include -O0 -ffunction-sections -fdata-sections -Wall -fstack-usage -fcyclomatic-complexity -MMD -MP -MF"Core/Src/stm32f0xx_it.d" -MT"Core/Src/stm32f0xx_it.o" --specs=nano.specs -mfloat-abi=soft -mthumb -o "Core/Src/stm32f0xx_it.o"
../Core/Src/main.c: In function 'blikac':
../Core/Src/main.c:62:34: error: expected expression before ')' token
   62 | if (Tick > delay + LED_TIME_BLINK) {
      |                                  ^
../Core/Src/main.c:63:1: error: too few arguments to function 'LL_GPIO_TogglePin'
   63 | LL_GPIO_TogglePin(...);
      | ^~~~~~~~~~~~~~~~~
In file included from ../Core/Inc/main.h:40,
                 from ../Core/Src/main.c:20:
../Drivers/STM32F0xx_HAL_Driver/Inc/stm32f0xx_ll_gpio.h:896:22: note: declared here
  896 | __STATIC_INLINE void LL_GPIO_TogglePin(GPIO_TypeDef *GPIOx, uint32_t PinMask)
      |                      ^~~~~~~~~~~~~~~~~
../Core/Src/main.c: In function 'main':
../Core/Src/main.c:110:11: warning: implicit declaration of function 'blink' [-Wimplicit-function-declaration]
  110 |           blink();
      |           ^~~~~
make: *** [Core/Src/subdir.mk:31: Core/Src/main.o] Error 1
make: *** Waiting for unfinished jobs....
"make -j4 all" terminated with exit code 2. Build might be incomplete.
11:50:14 **** Incremental Build of configuration Debug for project MKS2 ****
make -j4 all 
arm-none-eabi-gcc "../Core/Src/main.c" -mcpu=cortex-m0 -std=gnu11 -g3 -DDEBUG -DSTM32F030x8 -DUSE_FULL_LL_DRIVER -DHSE_VALUE=8000000 -DHSE_STARTUP_TIMEOUT=100 -DLSE_STARTUP_TIMEOUT=5000 -DLSE_VALUE=32768 -DHSI_VALUE=8000000 -DLSI_VALUE=40000 -DVDD_VALUE=3300 -DPREFETCH_ENABLE=1 -DINSTRUCTION_CACHE_ENABLE=0 -DDATA_CACHE_ENABLE=0 -c -I../Core/Inc -I../Drivers/STM32F0xx_HAL_Driver/Inc -I../Drivers/CMSIS/Device/ST/STM32F0xx/Include -I../Drivers/CMSIS/Include -O0 -ffunction-sections -fdata-sections -Wall -fstack-usage -fcyclomatic-complexity -MMD -MP -MF"Core/Src/main.d" -MT"Core/Src/main.o" --specs=nano.specs -mfloat-abi=soft -mthumb -o "Core/Src/main.o"
../Core/Src/main.c: In function 'blikac':
../Core/Src/main.c:62:34: error: expected expression before ')' token
   62 | if (Tick > delay + LED_TIME_BLINK) {
      |                                  ^
../Core/Src/main.c:63:19: error: 'LED1' undeclared (first use in this function)
   63 | LL_GPIO_TogglePin(LED1);
      |                   ^~~~
../Core/Src/main.c:63:19: note: each undeclared identifier is reported only once for each function it appears in
../Core/Src/main.c:63:1: error: too few arguments to function 'LL_GPIO_TogglePin'
   63 | LL_GPIO_TogglePin(LED1);
      | ^~~~~~~~~~~~~~~~~
In file included from ../Core/Inc/main.h:40,
                 from ../Core/Src/main.c:20:
../Drivers/STM32F0xx_HAL_Driver/Inc/stm32f0xx_ll_gpio.h:896:22: note: declared here
  896 | __STATIC_INLINE void LL_GPIO_TogglePin(GPIO_TypeDef *GPIOx, uint32_t PinMask)
      |                      ^~~~~~~~~~~~~~~~~
../Core/Src/main.c: In function 'main':
../Core/Src/main.c:110:11: warning: implicit declaration of function 'blink' [-Wimplicit-function-declaration]
  110 |           blink();
      |           ^~~~~
make: *** [Core/Src/subdir.mk:31: Core/Src/main.o] Error 1
"make -j4 all" terminated with exit code 2. Build might be incomplete.
11:51:01 **** Incremental Build of configuration Debug for project MKS2 ****
make -j4 all 
arm-none-eabi-gcc "../Core/Src/main.c" -mcpu=cortex-m0 -std=gnu11 -g3 -DDEBUG -DSTM32F030x8 -DUSE_FULL_LL_DRIVER -DHSE_VALUE=8000000 -DHSE_STARTUP_TIMEOUT=100 -DLSE_STARTUP_TIMEOUT=5000 -DLSE_VALUE=32768 -DHSI_VALUE=8000000 -DLSI_VALUE=40000 -DVDD_VALUE=3300 -DPREFETCH_ENABLE=1 -DINSTRUCTION_CACHE_ENABLE=0 -DDATA_CACHE_ENABLE=0 -c -I../Core/Inc -I../Drivers/STM32F0xx_HAL_Driver/Inc -I../Drivers/CMSIS/Device/ST/STM32F0xx/Include -I../Drivers/CMSIS/Include -O0 -ffunction-sections -fdata-sections -Wall -fstack-usage -fcyclomatic-complexity -MMD -MP -MF"Core/Src/main.d" -MT"Core/Src/main.o" --specs=nano.specs -mfloat-abi=soft -mthumb -o "Core/Src/main.o"
../Core/Src/main.c: In function 'blikac':
../Core/Src/main.c:62:34: error: expected expression before ')' token
   62 | if (Tick > delay + LED_TIME_BLINK) {
      |                                  ^
../Core/Src/main.c: In function 'main':
../Core/Src/main.c:110:11: warning: implicit declaration of function 'blink' [-Wimplicit-function-declaration]
  110 |           blink();
      |           ^~~~~
make: *** [Core/Src/subdir.mk:31: Core/Src/main.o] Error 1
"make -j4 all" terminated with exit code 2. Build might be incomplete.
11:52:26 **** Incremental Build of configuration Debug for project MKS2 ****
make -j4 all 
arm-none-eabi-gcc "../Core/Src/main.c" -mcpu=cortex-m0 -std=gnu11 -g3 -DDEBUG -DSTM32F030x8 -DUSE_FULL_LL_DRIVER -DHSE_VALUE=8000000 -DHSE_STARTUP_TIMEOUT=100 -DLSE_STARTUP_TIMEOUT=5000 -DLSE_VALUE=32768 -DHSI_VALUE=8000000 -DLSI_VALUE=40000 -DVDD_VALUE=3300 -DPREFETCH_ENABLE=1 -DINSTRUCTION_CACHE_ENABLE=0 -DDATA_CACHE_ENABLE=0 -c -I../Core/Inc -I../Drivers/STM32F0xx_HAL_Driver/Inc -I../Drivers/CMSIS/Device/ST/STM32F0xx/Include -I../Drivers/CMSIS/Include -O0 -ffunction-sections -fdata-sections -Wall -fstack-usage -fcyclomatic-complexity -MMD -MP -MF"Core/Src/main.d" -MT"Core/Src/main.o" --specs=nano.specs -mfloat-abi=soft -mthumb -o "Core/Src/main.o"
../Core/Src/main.c: In function 'main':
../Core/Src/main.c:110:11: warning: implicit declaration of function 'blink' [-Wimplicit-function-declaration]
  110 |           blink();
      |           ^~~~~
arm-none-eabi-gcc -o "MKS2.elf" @"objects.list"   -mcpu=cortex-m0 -T"C:\Temp\Hajka\MKS2025\MKS2\MKS2\STM32F030R8TX_FLASH.ld" --specs=nosys.specs -Wl,-Map="MKS2.map" -Wl,--gc-sections -static --specs=nano.specs -mfloat-abi=soft -mthumb -Wl,--start-group -lc -lm -Wl,--end-group
C:/appz/ST/STM32CubeIDE_1.10.1/STM32CubeIDE/plugins/com.st.stm32cube.ide.mcu.externaltools.gnu-tools-for-stm32.13.3.rel1.win32_1.0.0.202411081344/tools/bin/../lib/gcc/arm-none-eabi/13.3.1/../../../../arm-none-eabi/bin/ld.exe: ./Core/Src/main.o: in function `main':
C:/Temp/Hajka/MKS2025/MKS2/MKS2/Debug/../Core/Src/main.c:110:(.text.main+0x24): undefined reference to `blink'
collect2.exe: error: ld returned 1 exit status
make: *** [makefile:64: MKS2.elf] Error 1
"make -j4 all" terminated with exit code 2. Build might be incomplete.
11:52:58 **** Incremental Build of configuration Debug for project MKS2 ****
make -j4 all 
arm-none-eabi-gcc "../Core/Src/main.c" -mcpu=cortex-m0 -std=gnu11 -g3 -DDEBUG -DSTM32F030x8 -DUSE_FULL_LL_DRIVER -DHSE_VALUE=8000000 -DHSE_STARTUP_TIMEOUT=100 -DLSE_STARTUP_TIMEOUT=5000 -DLSE_VALUE=32768 -DHSI_VALUE=8000000 -DLSI_VALUE=40000 -DVDD_VALUE=3300 -DPREFETCH_ENABLE=1 -DINSTRUCTION_CACHE_ENABLE=0 -DDATA_CACHE_ENABLE=0 -c -I../Core/Inc -I../Drivers/STM32F0xx_HAL_Driver/Inc -I../Drivers/CMSIS/Device/ST/STM32F0xx/Include -I../Drivers/CMSIS/Include -O0 -ffunction-sections -fdata-sections -Wall -fstack-usage -fcyclomatic-complexity -MMD -MP -MF"Core/Src/main.d" -MT"Core/Src/main.o" --specs=nano.specs -mfloat-abi=soft -mthumb -o "Core/Src/main.o"
arm-none-eabi-gcc -o "MKS2.elf" @"objects.list"   -mcpu=cortex-m0 -T"C:\Temp\Hajka\MKS2025\MKS2\MKS2\STM32F030R8TX_FLASH.ld" --specs=nosys.specs -Wl,-Map="MKS2.map" -Wl,--gc-sections -static --specs=nano.specs -mfloat-abi=soft -mthumb -Wl,--start-group -lc -lm -Wl,--end-group
Finished building target: MKS2.elf
 
arm-none-eabi-size  MKS2.elf 
arm-none-eabi-objdump -h -S MKS2.elf  > "MKS2.list"
   text	   data	    bss	    dec	    hex	filename
   5584	      4	   1572	   7160	   1bf8	MKS2.elf
Finished building: default.size.stdout
 
Finished building: MKS2.list
 
12:02:31 **** Incremental Build of configuration Debug for project MKS2 ****
make -j4 all 
arm-none-eabi-gcc "../Core/Src/main.c" -mcpu=cortex-m0 -std=gnu11 -g3 -DDEBUG -DSTM32F030x8 -DUSE_FULL_LL_DRIVER -DHSE_VALUE=8000000 -DHSE_STARTUP_TIMEOUT=100 -DLSE_STARTUP_TIMEOUT=5000 -DLSE_VALUE=32768 -DHSI_VALUE=8000000 -DLSI_VALUE=40000 -DVDD_VALUE=3300 -DPREFETCH_ENABLE=1 -DINSTRUCTION_CACHE_ENABLE=0 -DDATA_CACHE_ENABLE=0 -c -I../Core/Inc -I../Drivers/STM32F0xx_HAL_Driver/Inc -I../Drivers/CMSIS/Device/ST/STM32F0xx/Include -I../Drivers/CMSIS/Include -O0 -ffunction-sections -fdata-sections -Wall -fstack-usage -fcyclomatic-complexity -MMD -MP -MF"Core/Src/main.d" -MT"Core/Src/main.o" --specs=nano.specs -mfloat-abi=soft -mthumb -o "Core/Src/main.o"
../Core/Src/main.c:68:6: error: redefinition of 'blink'
   68 | void blink(void)
      |      ^~~~~
../Core/Src/main.c:58:6: note: previous definition of 'blink' with type 'void(void)'
   58 | void blink(void)
      |      ^~~~~
../Core/Src/main.c: In function 'blink':
../Core/Src/main.c:74:9: error: 'off_time' undeclared (first use in this function)
   74 |         off_time = Tick + LED_TIME_SHORT;
      |         ^~~~~~~~
../Core/Src/main.c:74:9: note: each undeclared identifier is reported only once for each function it appears in
../Core/Src/main.c:74:27: error: 'LED_TIME_SHORT' undeclared (first use in this function)
   74 |         off_time = Tick + LED_TIME_SHORT;
      |                           ^~~~~~~~~~~~~~
make: *** [Core/Src/subdir.mk:31: Core/Src/main.o] Error 1
"make -j4 all" terminated with exit code 2. Build might be incomplete.
12:03:28 **** Incremental Build of configuration Debug for project MKS2 ****
make -j4 all 
arm-none-eabi-gcc "../Core/Src/main.c" -mcpu=cortex-m0 -std=gnu11 -g3 -DDEBUG -DSTM32F030x8 -DUSE_FULL_LL_DRIVER -DHSE_VALUE=8000000 -DHSE_STARTUP_TIMEOUT=100 -DLSE_STARTUP_TIMEOUT=5000 -DLSE_VALUE=32768 -DHSI_VALUE=8000000 -DLSI_VALUE=40000 -DVDD_VALUE=3300 -DPREFETCH_ENABLE=1 -DINSTRUCTION_CACHE_ENABLE=0 -DDATA_CACHE_ENABLE=0 -c -I../Core/Inc -I../Drivers/STM32F0xx_HAL_Driver/Inc -I../Drivers/CMSIS/Device/ST/STM32F0xx/Include -I../Drivers/CMSIS/Include -O0 -ffunction-sections -fdata-sections -Wall -fstack-usage -fcyclomatic-complexity -MMD -MP -MF"Core/Src/main.d" -MT"Core/Src/main.o" --specs=nano.specs -mfloat-abi=soft -mthumb -o "Core/Src/main.o"
../Core/Src/main.c:69:6: error: redefinition of 'blink'
   69 | void blink(void)
      |      ^~~~~
../Core/Src/main.c:59:6: note: previous definition of 'blink' with type 'void(void)'
   59 | void blink(void)
      |      ^~~~~
../Core/Src/main.c: In function 'blink':
../Core/Src/main.c:75:9: error: 'off_time' undeclared (first use in this function)
   75 |         off_time = Tick + LED_TIME_SHORT;
      |         ^~~~~~~~
../Core/Src/main.c:75:9: note: each undeclared identifier is reported only once for each function it appears in
make: *** [Core/Src/subdir.mk:31: Core/Src/main.o] Error 1
"make -j4 all" terminated with exit code 2. Build might be incomplete.
12:03:54 **** Incremental Build of configuration Debug for project MKS2 ****
make -j4 all 
arm-none-eabi-gcc "../Core/Src/main.c" -mcpu=cortex-m0 -std=gnu11 -g3 -DDEBUG -DSTM32F030x8 -DUSE_FULL_LL_DRIVER -DHSE_VALUE=8000000 -DHSE_STARTUP_TIMEOUT=100 -DLSE_STARTUP_TIMEOUT=5000 -DLSE_VALUE=32768 -DHSI_VALUE=8000000 -DLSI_VALUE=40000 -DVDD_VALUE=3300 -DPREFETCH_ENABLE=1 -DINSTRUCTION_CACHE_ENABLE=0 -DDATA_CACHE_ENABLE=0 -c -I../Core/Inc -I../Drivers/STM32F0xx_HAL_Driver/Inc -I../Drivers/CMSIS/Device/ST/STM32F0xx/Include -I../Drivers/CMSIS/Include -O0 -ffunction-sections -fdata-sections -Wall -fstack-usage -fcyclomatic-complexity -MMD -MP -MF"Core/Src/main.d" -MT"Core/Src/main.o" --specs=nano.specs -mfloat-abi=soft -mthumb -o "Core/Src/main.o"
../Core/Src/main.c: In function 'tlacitka':
../Core/Src/main.c:75:9: error: 'off_time' undeclared (first use in this function)
   75 |         off_time = Tick + LED_TIME_SHORT;
      |         ^~~~~~~~
../Core/Src/main.c:75:9: note: each undeclared identifier is reported only once for each function it appears in
make: *** [Core/Src/subdir.mk:31: Core/Src/main.o] Error 1
"make -j4 all" terminated with exit code 2. Build might be incomplete.
12:04:34 **** Incremental Build of configuration Debug for project MKS2 ****
make -j4 all 
arm-none-eabi-gcc "../Core/Src/main.c" -mcpu=cortex-m0 -std=gnu11 -g3 -DDEBUG -DSTM32F030x8 -DUSE_FULL_LL_DRIVER -DHSE_VALUE=8000000 -DHSE_STARTUP_TIMEOUT=100 -DLSE_STARTUP_TIMEOUT=5000 -DLSE_VALUE=32768 -DHSI_VALUE=8000000 -DLSI_VALUE=40000 -DVDD_VALUE=3300 -DPREFETCH_ENABLE=1 -DINSTRUCTION_CACHE_ENABLE=0 -DDATA_CACHE_ENABLE=0 -c -I../Core/Inc -I../Drivers/STM32F0xx_HAL_Driver/Inc -I../Drivers/CMSIS/Device/ST/STM32F0xx/Include -I../Drivers/CMSIS/Include -O0 -ffunction-sections -fdata-sections -Wall -fstack-usage -fcyclomatic-complexity -MMD -MP -MF"Core/Src/main.d" -MT"Core/Src/main.o" --specs=nano.specs -mfloat-abi=soft -mthumb -o "Core/Src/main.o"
../Core/Src/main.c: In function 'tlacitka':
../Core/Src/main.c:75:9: error: 'off_time' undeclared (first use in this function)
   75 |         off_time = Tick + LED_TIME_SHORT;
      |         ^~~~~~~~
../Core/Src/main.c:75:9: note: each undeclared identifier is reported only once for each function it appears in
make: *** [Core/Src/subdir.mk:31: Core/Src/main.o] Error 1
"make -j4 all" terminated with exit code 2. Build might be incomplete.
12:05:18 **** Incremental Build of configuration Debug for project MKS2 ****
make -j4 all 
arm-none-eabi-gcc "../Core/Src/main.c" -mcpu=cortex-m0 -std=gnu11 -g3 -DDEBUG -DSTM32F030x8 -DUSE_FULL_LL_DRIVER -DHSE_VALUE=8000000 -DHSE_STARTUP_TIMEOUT=100 -DLSE_STARTUP_TIMEOUT=5000 -DLSE_VALUE=32768 -DHSI_VALUE=8000000 -DLSI_VALUE=40000 -DVDD_VALUE=3300 -DPREFETCH_ENABLE=1 -DINSTRUCTION_CACHE_ENABLE=0 -DDATA_CACHE_ENABLE=0 -c -I../Core/Inc -I../Drivers/STM32F0xx_HAL_Driver/Inc -I../Drivers/CMSIS/Device/ST/STM32F0xx/Include -I../Drivers/CMSIS/Include -O0 -ffunction-sections -fdata-sections -Wall -fstack-usage -fcyclomatic-complexity -MMD -MP -MF"Core/Src/main.d" -MT"Core/Src/main.o" --specs=nano.specs -mfloat-abi=soft -mthumb -o "Core/Src/main.o"
../Core/Src/main.c: In function 'tlacitka':
../Core/Src/main.c:76:18: error: lvalue required as left operand of assignment
   76 |         off_time = Tick + LED_TIME_SHORT;
      |                  ^
../Core/Src/main.c:36:26: error: expected identifier or '(' before numeric constant
   36 |         #define off_time 40
      |                          ^~
../Core/Src/main.c:81:26: note: in expansion of macro 'off_time'
   81 |          static uint32_t off_time;
      |                          ^~~~~~~~
make: *** [Core/Src/subdir.mk:31: Core/Src/main.o] Error 1
"make -j4 all" terminated with exit code 2. Build might be incomplete.
12:05:54 **** Incremental Build of configuration Debug for project MKS2 ****
make -j4 all 
arm-none-eabi-gcc "../Core/Src/main.c" -mcpu=cortex-m0 -std=gnu11 -g3 -DDEBUG -DSTM32F030x8 -DUSE_FULL_LL_DRIVER -DHSE_VALUE=8000000 -DHSE_STARTUP_TIMEOUT=100 -DLSE_STARTUP_TIMEOUT=5000 -DLSE_VALUE=32768 -DHSI_VALUE=8000000 -DLSI_VALUE=40000 -DVDD_VALUE=3300 -DPREFETCH_ENABLE=1 -DINSTRUCTION_CACHE_ENABLE=0 -DDATA_CACHE_ENABLE=0 -c -I../Core/Inc -I../Drivers/STM32F0xx_HAL_Driver/Inc -I../Drivers/CMSIS/Device/ST/STM32F0xx/Include -I../Drivers/CMSIS/Include -O0 -ffunction-sections -fdata-sections -Wall -fstack-usage -fcyclomatic-complexity -MMD -MP -MF"Core/Src/main.d" -MT"Core/Src/main.o" --specs=nano.specs -mfloat-abi=soft -mthumb -o "Core/Src/main.o"
arm-none-eabi-gcc -o "MKS2.elf" @"objects.list"   -mcpu=cortex-m0 -T"C:\Temp\Hajka\MKS2025\MKS2\MKS2\STM32F030R8TX_FLASH.ld" --specs=nosys.specs -Wl,-Map="MKS2.map" -Wl,--gc-sections -static --specs=nano.specs -mfloat-abi=soft -mthumb -Wl,--start-group -lc -lm -Wl,--end-group
Finished building target: MKS2.elf
 
arm-none-eabi-size  MKS2.elf 
arm-none-eabi-objdump -h -S MKS2.elf  > "MKS2.list"
   text	   data	    bss	    dec	    hex	filename
   5584	      4	   1572	   7160	   1bf8	MKS2.elf
Finished building: default.size.stdout
 
Finished building: MKS2.list
 
12:06:57 **** Incremental Build of configuration Debug for project MKS2 ****
make -j4 all 
arm-none-eabi-gcc "../Core/Src/main.c" -mcpu=cortex-m0 -std=gnu11 -g3 -DDEBUG -DSTM32F030x8 -DUSE_FULL_LL_DRIVER -DHSE_VALUE=8000000 -DHSE_STARTUP_TIMEOUT=100 -DLSE_STARTUP_TIMEOUT=5000 -DLSE_VALUE=32768 -DHSI_VALUE=8000000 -DLSI_VALUE=40000 -DVDD_VALUE=3300 -DPREFETCH_ENABLE=1 -DINSTRUCTION_CACHE_ENABLE=0 -DDATA_CACHE_ENABLE=0 -c -I../Core/Inc -I../Drivers/STM32F0xx_HAL_Driver/Inc -I../Drivers/CMSIS/Device/ST/STM32F0xx/Include -I../Drivers/CMSIS/Include -O0 -ffunction-sections -fdata-sections -Wall -fstack-usage -fcyclomatic-complexity -MMD -MP -MF"Core/Src/main.d" -MT"Core/Src/main.o" --specs=nano.specs -mfloat-abi=soft -mthumb -o "Core/Src/main.o"
arm-none-eabi-gcc -o "MKS2.elf" @"objects.list"   -mcpu=cortex-m0 -T"C:\Temp\Hajka\MKS2025\MKS2\MKS2\STM32F030R8TX_FLASH.ld" --specs=nosys.specs -Wl,-Map="MKS2.map" -Wl,--gc-sections -static --specs=nano.specs -mfloat-abi=soft -mthumb -Wl,--start-group -lc -lm -Wl,--end-group
Finished building target: MKS2.elf
 
arm-none-eabi-size  MKS2.elf 
arm-none-eabi-objdump -h -S MKS2.elf  > "MKS2.list"
   text	   data	    bss	    dec	    hex	filename
   5760	      4	   1580	   7344	   1cb0	MKS2.elf
Finished building: default.size.stdout
 
Finished building: MKS2.list
 
12:15:46 **** Incremental Build of configuration Debug for project MKS2 ****
make -j4 all 
arm-none-eabi-gcc "../Core/Src/main.c" -mcpu=cortex-m0 -std=gnu11 -g3 -DDEBUG -DSTM32F030x8 -DUSE_FULL_LL_DRIVER -DHSE_VALUE=8000000 -DHSE_STARTUP_TIMEOUT=100 -DLSE_STARTUP_TIMEOUT=5000 -DLSE_VALUE=32768 -DHSI_VALUE=8000000 -DLSI_VALUE=40000 -DVDD_VALUE=3300 -DPREFETCH_ENABLE=1 -DINSTRUCTION_CACHE_ENABLE=0 -DDATA_CACHE_ENABLE=0 -c -I../Core/Inc -I../Drivers/STM32F0xx_HAL_Driver/Inc -I../Drivers/CMSIS/Device/ST/STM32F0xx/Include -I../Drivers/CMSIS/Include -O0 -ffunction-sections -fdata-sections -Wall -fstack-usage -fcyclomatic-complexity -MMD -MP -MF"Core/Src/main.d" -MT"Core/Src/main.o" --specs=nano.specs -mfloat-abi=soft -mthumb -o "Core/Src/main.o"
arm-none-eabi-gcc "../Core/Src/stm32f0xx_it.c" -mcpu=cortex-m0 -std=gnu11 -g3 -DDEBUG -DSTM32F030x8 -DUSE_FULL_LL_DRIVER -DHSE_VALUE=8000000 -DHSE_STARTUP_TIMEOUT=100 -DLSE_STARTUP_TIMEOUT=5000 -DLSE_VALUE=32768 -DHSI_VALUE=8000000 -DLSI_VALUE=40000 -DVDD_VALUE=3300 -DPREFETCH_ENABLE=1 -DINSTRUCTION_CACHE_ENABLE=0 -DDATA_CACHE_ENABLE=0 -c -I../Core/Inc -I../Drivers/STM32F0xx_HAL_Driver/Inc -I../Drivers/CMSIS/Device/ST/STM32F0xx/Include -I../Drivers/CMSIS/Include -O0 -ffunction-sections -fdata-sections -Wall -fstack-usage -fcyclomatic-complexity -MMD -MP -MF"Core/Src/stm32f0xx_it.d" -MT"Core/Src/stm32f0xx_it.o" --specs=nano.specs -mfloat-abi=soft -mthumb -o "Core/Src/stm32f0xx_it.o"
arm-none-eabi-gcc -o "MKS2.elf" @"objects.list"   -mcpu=cortex-m0 -T"C:\Temp\Hajka\MKS2025\MKS2\MKS2\STM32F030R8TX_FLASH.ld" --specs=nosys.specs -Wl,-Map="MKS2.map" -Wl,--gc-sections -static --specs=nano.specs -mfloat-abi=soft -mthumb -Wl,--start-group -lc -lm -Wl,--end-group
Finished building target: MKS2.elf
 
arm-none-eabi-size  MKS2.elf 
arm-none-eabi-objdump -h -S MKS2.elf  > "MKS2.list"
   text	   data	    bss	    dec	    hex	filename
   5280	      4	   1580	   6864	   1ad0	MKS2.elf
Finished building: default.size.stdout
 
Finished building: MKS2.list
 
12:18:17 **** Incremental Build of configuration Debug for project MKS2 ****
make -j4 all 
arm-none-eabi-gcc "../Core/Src/main.c" -mcpu=cortex-m0 -std=gnu11 -g3 -DDEBUG -DSTM32F030x8 -DUSE_FULL_LL_DRIVER -DHSE_VALUE=8000000 -DHSE_STARTUP_TIMEOUT=100 -DLSE_STARTUP_TIMEOUT=5000 -DLSE_VALUE=32768 -DHSI_VALUE=8000000 -DLSI_VALUE=40000 -DVDD_VALUE=3300 -DPREFETCH_ENABLE=1 -DINSTRUCTION_CACHE_ENABLE=0 -DDATA_CACHE_ENABLE=0 -c -I../Core/Inc -I../Drivers/STM32F0xx_HAL_Driver/Inc -I../Drivers/CMSIS/Device/ST/STM32F0xx/Include -I../Drivers/CMSIS/Include -O0 -ffunction-sections -fdata-sections -Wall -fstack-usage -fcyclomatic-complexity -MMD -MP -MF"Core/Src/main.d" -MT"Core/Src/main.o" --specs=nano.specs -mfloat-abi=soft -mthumb -o "Core/Src/main.o"
../Core/Src/main.c: In function 'button1':
../Core/Src/main.c:95:36: error: 'LED_TIME_Long' undeclared (first use in this function); did you mean 'LED_TIME_LONG'?
   95 |                 off_time1 = Tick + LED_TIME_Long;
      |                                    ^~~~~~~~~~~~~
      |                                    LED_TIME_LONG
../Core/Src/main.c:95:36: note: each undeclared identifier is reported only once for each function it appears in
make: *** [Core/Src/subdir.mk:31: Core/Src/main.o] Error 1
"make -j4 all" terminated with exit code 2. Build might be incomplete.
12:18:34 **** Incremental Build of configuration Debug for project MKS2 ****
make -j4 all 
arm-none-eabi-gcc "../Core/Src/main.c" -mcpu=cortex-m0 -std=gnu11 -g3 -DDEBUG -DSTM32F030x8 -DUSE_FULL_LL_DRIVER -DHSE_VALUE=8000000 -DHSE_STARTUP_TIMEOUT=100 -DLSE_STARTUP_TIMEOUT=5000 -DLSE_VALUE=32768 -DHSI_VALUE=8000000 -DLSI_VALUE=40000 -DVDD_VALUE=3300 -DPREFETCH_ENABLE=1 -DINSTRUCTION_CACHE_ENABLE=0 -DDATA_CACHE_ENABLE=0 -c -I../Core/Inc -I../Drivers/STM32F0xx_HAL_Driver/Inc -I../Drivers/CMSIS/Device/ST/STM32F0xx/Include -I../Drivers/CMSIS/Include -O0 -ffunction-sections -fdata-sections -Wall -fstack-usage -fcyclomatic-complexity -MMD -MP -MF"Core/Src/main.d" -MT"Core/Src/main.o" --specs=nano.specs -mfloat-abi=soft -mthumb -o "Core/Src/main.o"
arm-none-eabi-gcc -o "MKS2.elf" @"objects.list"   -mcpu=cortex-m0 -T"C:\Temp\Hajka\MKS2025\MKS2\MKS2\STM32F030R8TX_FLASH.ld" --specs=nosys.specs -Wl,-Map="MKS2.map" -Wl,--gc-sections -static --specs=nano.specs -mfloat-abi=soft -mthumb -Wl,--start-group -lc -lm -Wl,--end-group
Finished building target: MKS2.elf
 
arm-none-eabi-size  MKS2.elf 
arm-none-eabi-objdump -h -S MKS2.elf  > "MKS2.list"
   text	   data	    bss	    dec	    hex	filename
   5284	      4	   1580	   6868	   1ad4	MKS2.elf
Finished building: default.size.stdout
 
Finished building: MKS2.list
 
12:19:05 **** Incremental Build of configuration Debug for project MKS2 ****
make -j4 all 
arm-none-eabi-gcc "../Core/Src/main.c" -mcpu=cortex-m0 -std=gnu11 -g3 -DDEBUG -DSTM32F030x8 -DUSE_FULL_LL_DRIVER -DHSE_VALUE=8000000 -DHSE_STARTUP_TIMEOUT=100 -DLSE_STARTUP_TIMEOUT=5000 -DLSE_VALUE=32768 -DHSI_VALUE=8000000 -DLSI_VALUE=40000 -DVDD_VALUE=3300 -DPREFETCH_ENABLE=1 -DINSTRUCTION_CACHE_ENABLE=0 -DDATA_CACHE_ENABLE=0 -c -I../Core/Inc -I../Drivers/STM32F0xx_HAL_Driver/Inc -I../Drivers/CMSIS/Device/ST/STM32F0xx/Include -I../Drivers/CMSIS/Include -O0 -ffunction-sections -fdata-sections -Wall -fstack-usage -fcyclomatic-complexity -MMD -MP -MF"Core/Src/main.d" -MT"Core/Src/main.o" --specs=nano.specs -mfloat-abi=soft -mthumb -o "Core/Src/main.o"
arm-none-eabi-gcc -o "MKS2.elf" @"objects.list"   -mcpu=cortex-m0 -T"C:\Temp\Hajka\MKS2025\MKS2\MKS2\STM32F030R8TX_FLASH.ld" --specs=nosys.specs -Wl,-Map="MKS2.map" -Wl,--gc-sections -static --specs=nano.specs -mfloat-abi=soft -mthumb -Wl,--start-group -lc -lm -Wl,--end-group
Finished building target: MKS2.elf
 
arm-none-eabi-size  MKS2.elf 
arm-none-eabi-objdump -h -S MKS2.elf  > "MKS2.list"
   text	   data	    bss	    dec	    hex	filename
   5400	      4	   1588	   6992	   1b50	MKS2.elf
Finished building: default.size.stdout
 
Finished building: MKS2.list
 
12:20:27 **** Incremental Build of configuration Debug for project MKS2 ****
make -j4 all 
arm-none-eabi-gcc "../Core/Src/main.c" -mcpu=cortex-m0 -std=gnu11 -g3 -DDEBUG -DSTM32F030x8 -DUSE_FULL_LL_DRIVER -DHSE_VALUE=8000000 -DHSE_STARTUP_TIMEOUT=100 -DLSE_STARTUP_TIMEOUT=5000 -DLSE_VALUE=32768 -DHSI_VALUE=8000000 -DLSI_VALUE=40000 -DVDD_VALUE=3300 -DPREFETCH_ENABLE=1 -DINSTRUCTION_CACHE_ENABLE=0 -DDATA_CACHE_ENABLE=0 -c -I../Core/Inc -I../Drivers/STM32F0xx_HAL_Driver/Inc -I../Drivers/CMSIS/Device/ST/STM32F0xx/Include -I../Drivers/CMSIS/Include -O0 -ffunction-sections -fdata-sections -Wall -fstack-usage -fcyclomatic-complexity -MMD -MP -MF"Core/Src/main.d" -MT"Core/Src/main.o" --specs=nano.specs -mfloat-abi=soft -mthumb -o "Core/Src/main.o"
arm-none-eabi-gcc -o "MKS2.elf" @"objects.list"   -mcpu=cortex-m0 -T"C:\Temp\Hajka\MKS2025\MKS2\MKS2\STM32F030R8TX_FLASH.ld" --specs=nosys.specs -Wl,-Map="MKS2.map" -Wl,--gc-sections -static --specs=nano.specs -mfloat-abi=soft -mthumb -Wl,--start-group -lc -lm -Wl,--end-group
Finished building target: MKS2.elf
 
arm-none-eabi-size  MKS2.elf 
arm-none-eabi-objdump -h -S MKS2.elf  > "MKS2.list"
   text	   data	    bss	    dec	    hex	filename
   5284	      4	   1580	   6868	   1ad4	MKS2.elf
Finished building: default.size.stdout
 
Finished building: MKS2.list
 
12:20:54 **** Incremental Build of configuration Debug for project MKS2 ****
make -j4 all 
arm-none-eabi-gcc "../Core/Src/main.c" -mcpu=cortex-m0 -std=gnu11 -g3 -DDEBUG -DSTM32F030x8 -DUSE_FULL_LL_DRIVER -DHSE_VALUE=8000000 -DHSE_STARTUP_TIMEOUT=100 -DLSE_STARTUP_TIMEOUT=5000 -DLSE_VALUE=32768 -DHSI_VALUE=8000000 -DLSI_VALUE=40000 -DVDD_VALUE=3300 -DPREFETCH_ENABLE=1 -DINSTRUCTION_CACHE_ENABLE=0 -DDATA_CACHE_ENABLE=0 -c -I../Core/Inc -I../Drivers/STM32F0xx_HAL_Driver/Inc -I../Drivers/CMSIS/Device/ST/STM32F0xx/Include -I../Drivers/CMSIS/Include -O0 -ffunction-sections -fdata-sections -Wall -fstack-usage -fcyclomatic-complexity -MMD -MP -MF"Core/Src/main.d" -MT"Core/Src/main.o" --specs=nano.specs -mfloat-abi=soft -mthumb -o "Core/Src/main.o"
arm-none-eabi-gcc -o "MKS2.elf" @"objects.list"   -mcpu=cortex-m0 -T"C:\Temp\Hajka\MKS2025\MKS2\MKS2\STM32F030R8TX_FLASH.ld" --specs=nosys.specs -Wl,-Map="MKS2.map" -Wl,--gc-sections -static --specs=nano.specs -mfloat-abi=soft -mthumb -Wl,--start-group -lc -lm -Wl,--end-group
Finished building target: MKS2.elf
 
arm-none-eabi-size  MKS2.elf 
arm-none-eabi-objdump -h -S MKS2.elf  > "MKS2.list"
   text	   data	    bss	    dec	    hex	filename
   5280	      4	   1580	   6864	   1ad0	MKS2.elf
Finished building: default.size.stdout
 
Finished building: MKS2.list
 
12:23:26 **** Incremental Build of configuration Debug for project MKS2 ****
make -j4 all 
arm-none-eabi-gcc "../Core/Src/main.c" -mcpu=cortex-m0 -std=gnu11 -g3 -DDEBUG -DSTM32F030x8 -DUSE_FULL_LL_DRIVER -DHSE_VALUE=8000000 -DHSE_STARTUP_TIMEOUT=100 -DLSE_STARTUP_TIMEOUT=5000 -DLSE_VALUE=32768 -DHSI_VALUE=8000000 -DLSI_VALUE=40000 -DVDD_VALUE=3300 -DPREFETCH_ENABLE=1 -DINSTRUCTION_CACHE_ENABLE=0 -DDATA_CACHE_ENABLE=0 -c -I../Core/Inc -I../Drivers/STM32F0xx_HAL_Driver/Inc -I../Drivers/CMSIS/Device/ST/STM32F0xx/Include -I../Drivers/CMSIS/Include -O0 -ffunction-sections -fdata-sections -Wall -fstack-usage -fcyclomatic-complexity -MMD -MP -MF"Core/Src/main.d" -MT"Core/Src/main.o" --specs=nano.specs -mfloat-abi=soft -mthumb -o "Core/Src/main.o"
../Core/Src/main.c: In function 'button':
../Core/Src/main.c:80:19: error: 'old_s1' undeclared (first use in this function); did you mean 'old_s2'?
   80 |         } else if(old_s1 && !new_s1) {
      |                   ^~~~~~
      |                   old_s2
../Core/Src/main.c:80:19: note: each undeclared identifier is reported only once for each function it appears in
make: *** [Core/Src/subdir.mk:31: Core/Src/main.o] Error 1
"make -j4 all" terminated with exit code 2. Build might be incomplete.
12:23:58 **** Incremental Build of configuration Debug for project MKS2 ****
make -j4 all 
arm-none-eabi-gcc "../Core/Src/main.c" -mcpu=cortex-m0 -std=gnu11 -g3 -DDEBUG -DSTM32F030x8 -DUSE_FULL_LL_DRIVER -DHSE_VALUE=8000000 -DHSE_STARTUP_TIMEOUT=100 -DLSE_STARTUP_TIMEOUT=5000 -DLSE_VALUE=32768 -DHSI_VALUE=8000000 -DLSI_VALUE=40000 -DVDD_VALUE=3300 -DPREFETCH_ENABLE=1 -DINSTRUCTION_CACHE_ENABLE=0 -DDATA_CACHE_ENABLE=0 -c -I../Core/Inc -I../Drivers/STM32F0xx_HAL_Driver/Inc -I../Drivers/CMSIS/Device/ST/STM32F0xx/Include -I../Drivers/CMSIS/Include -O0 -ffunction-sections -fdata-sections -Wall -fstack-usage -fcyclomatic-complexity -MMD -MP -MF"Core/Src/main.d" -MT"Core/Src/main.o" --specs=nano.specs -mfloat-abi=soft -mthumb -o "Core/Src/main.o"
arm-none-eabi-gcc -o "MKS2.elf" @"objects.list"   -mcpu=cortex-m0 -T"C:\Temp\Hajka\MKS2025\MKS2\MKS2\STM32F030R8TX_FLASH.ld" --specs=nosys.specs -Wl,-Map="MKS2.map" -Wl,--gc-sections -static --specs=nano.specs -mfloat-abi=soft -mthumb -Wl,--start-group -lc -lm -Wl,--end-group
Finished building target: MKS2.elf
 
arm-none-eabi-size  MKS2.elf 
arm-none-eabi-objdump -h -S MKS2.elf  > "MKS2.list"
   text	   data	    bss	    dec	    hex	filename
   5344	      4	   1588	   6936	   1b18	MKS2.elf
Finished building: default.size.stdout
 
Finished building: MKS2.list
 
12:29:29 **** Incremental Build of configuration Debug for project MKS2 ****
make -j4 all 
arm-none-eabi-gcc "../Core/Src/main.c" -mcpu=cortex-m0 -std=gnu11 -g3 -DDEBUG -DSTM32F030x8 -DUSE_FULL_LL_DRIVER -DHSE_VALUE=8000000 -DHSE_STARTUP_TIMEOUT=100 -DLSE_STARTUP_TIMEOUT=5000 -DLSE_VALUE=32768 -DHSI_VALUE=8000000 -DLSI_VALUE=40000 -DVDD_VALUE=3300 -DPREFETCH_ENABLE=1 -DINSTRUCTION_CACHE_ENABLE=0 -DDATA_CACHE_ENABLE=0 -c -I../Core/Inc -I../Drivers/STM32F0xx_HAL_Driver/Inc -I../Drivers/CMSIS/Device/ST/STM32F0xx/Include -I../Drivers/CMSIS/Include -O0 -ffunction-sections -fdata-sections -Wall -fstack-usage -fcyclomatic-complexity -MMD -MP -MF"Core/Src/main.d" -MT"Core/Src/main.o" --specs=nano.specs -mfloat-abi=soft -mthumb -o "Core/Src/main.o"
../Core/Src/main.c: In function 'button':
../Core/Src/main.c:72:1: error: expected '=', ',', ';', 'asm' or '__attribute__' before '{' token
   72 | {
      | ^
../Core/Src/main.c:110:1: error: expected '=', ',', ';', 'asm' or '__attribute__' before '{' token
  110 | {
      | ^
../Core/Src/main.c:161:1: error: expected '=', ',', ';', 'asm' or '__attribute__' before '{' token
  161 | {
      | ^
../Core/Src/main.c:201:1: error: expected '=', ',', ';', 'asm' or '__attribute__' before '{' token
  201 | {
      | ^
../Core/Src/main.c:261:1: error: expected '=', ',', ';', 'asm' or '__attribute__' before '{' token
  261 | {
      | ^
../Core/Src/main.c:349:1: error: expected '=', ',', ';', 'asm' or '__attribute__' before '{' token
  349 | {
      | ^
../Core/Src/main.c:375: error: expected '{' at end of input
../Core/Src/main.c: At top level:
../Core/Src/main.c:52:13: warning: 'MX_GPIO_Init' declared 'static' but never defined [-Wunused-function]
   52 | static void MX_GPIO_Init(void);
      |             ^~~~~~~~~~~~
../Core/Src/main.c:53:13: warning: 'MX_USART2_UART_Init' declared 'static' but never defined [-Wunused-function]
   53 | static void MX_USART2_UART_Init(void);
      |             ^~~~~~~~~~~~~~~~~~~
make: *** [Core/Src/subdir.mk:31: Core/Src/main.o] Error 1
"make -j4 all" terminated with exit code 2. Build might be incomplete.
12:29:55 **** Incremental Build of configuration Debug for project MKS2 ****
make -j4 all 
arm-none-eabi-gcc "../Core/Src/main.c" -mcpu=cortex-m0 -std=gnu11 -g3 -DDEBUG -DSTM32F030x8 -DUSE_FULL_LL_DRIVER -DHSE_VALUE=8000000 -DHSE_STARTUP_TIMEOUT=100 -DLSE_STARTUP_TIMEOUT=5000 -DLSE_VALUE=32768 -DHSI_VALUE=8000000 -DLSI_VALUE=40000 -DVDD_VALUE=3300 -DPREFETCH_ENABLE=1 -DINSTRUCTION_CACHE_ENABLE=0 -DDATA_CACHE_ENABLE=0 -c -I../Core/Inc -I../Drivers/STM32F0xx_HAL_Driver/Inc -I../Drivers/CMSIS/Device/ST/STM32F0xx/Include -I../Drivers/CMSIS/Include -O0 -ffunction-sections -fdata-sections -Wall -fstack-usage -fcyclomatic-complexity -MMD -MP -MF"Core/Src/main.d" -MT"Core/Src/main.o" --specs=nano.specs -mfloat-abi=soft -mthumb -o "Core/Src/main.o"
arm-none-eabi-gcc -o "MKS2.elf" @"objects.list"   -mcpu=cortex-m0 -T"C:\Temp\Hajka\MKS2025\MKS2\MKS2\STM32F030R8TX_FLASH.ld" --specs=nosys.specs -Wl,-Map="MKS2.map" -Wl,--gc-sections -static --specs=nano.specs -mfloat-abi=soft -mthumb -Wl,--start-group -lc -lm -Wl,--end-group
Finished building target: MKS2.elf
 
arm-none-eabi-size  MKS2.elf 
arm-none-eabi-objdump -h -S MKS2.elf  > "MKS2.list"
   text	   data	    bss	    dec	    hex	filename
   5376	      8	   1576	   6960	   1b30	MKS2.elf
Finished building: default.size.stdout
 
Finished building: MKS2.list
 
12:36:13 **** Incremental Build of configuration Debug for project MKS2 ****
make -j4 all 
arm-none-eabi-gcc "../Core/Src/main.c" -mcpu=cortex-m0 -std=gnu11 -g3 -DDEBUG -DSTM32F030x8 -DUSE_FULL_LL_DRIVER -DHSE_VALUE=8000000 -DHSE_STARTUP_TIMEOUT=100 -DLSE_STARTUP_TIMEOUT=5000 -DLSE_VALUE=32768 -DHSI_VALUE=8000000 -DLSI_VALUE=40000 -DVDD_VALUE=3300 -DPREFETCH_ENABLE=1 -DINSTRUCTION_CACHE_ENABLE=0 -DDATA_CACHE_ENABLE=0 -c -I../Core/Inc -I../Drivers/STM32F0xx_HAL_Driver/Inc -I../Drivers/CMSIS/Device/ST/STM32F0xx/Include -I../Drivers/CMSIS/Include -O0 -ffunction-sections -fdata-sections -Wall -fstack-usage -fcyclomatic-complexity -MMD -MP -MF"Core/Src/main.d" -MT"Core/Src/main.o" --specs=nano.specs -mfloat-abi=soft -mthumb -o "Core/Src/main.o"
arm-none-eabi-gcc -o "MKS2.elf" @"objects.list"   -mcpu=cortex-m0 -T"C:\Temp\Hajka\MKS2025\MKS2\MKS2\STM32F030R8TX_FLASH.ld" --specs=nosys.specs -Wl,-Map="MKS2.map" -Wl,--gc-sections -static --specs=nano.specs -mfloat-abi=soft -mthumb -Wl,--start-group -lc -lm -Wl,--end-group
Finished building target: MKS2.elf
 
arm-none-eabi-size  MKS2.elf 
arm-none-eabi-objdump -h -S MKS2.elf  > "MKS2.list"
   text	   data	    bss	    dec	    hex	filename
   5376	      8	   1576	   6960	   1b30	MKS2.elf
Finished building: default.size.stdout
 
Finished building: MKS2.list
 
12:38:58 **** Incremental Build of configuration Debug for project MKS2 ****
make -j4 all 
arm-none-eabi-gcc "../Core/Src/main.c" -mcpu=cortex-m0 -std=gnu11 -g3 -DDEBUG -DSTM32F030x8 -DUSE_FULL_LL_DRIVER -DHSE_VALUE=8000000 -DHSE_STARTUP_TIMEOUT=100 -DLSE_STARTUP_TIMEOUT=5000 -DLSE_VALUE=32768 -DHSI_VALUE=8000000 -DLSI_VALUE=40000 -DVDD_VALUE=3300 -DPREFETCH_ENABLE=1 -DINSTRUCTION_CACHE_ENABLE=0 -DDATA_CACHE_ENABLE=0 -c -I../Core/Inc -I../Drivers/STM32F0xx_HAL_Driver/Inc -I../Drivers/CMSIS/Device/ST/STM32F0xx/Include -I../Drivers/CMSIS/Include -O0 -ffunction-sections -fdata-sections -Wall -fstack-usage -fcyclomatic-complexity -MMD -MP -MF"Core/Src/main.d" -MT"Core/Src/main.o" --specs=nano.specs -mfloat-abi=soft -mthumb -o "Core/Src/main.o"
arm-none-eabi-gcc -o "MKS2.elf" @"objects.list"   -mcpu=cortex-m0 -T"C:\Temp\Hajka\MKS2025\MKS2\MKS2\STM32F030R8TX_FLASH.ld" --specs=nosys.specs -Wl,-Map="MKS2.map" -Wl,--gc-sections -static --specs=nano.specs -mfloat-abi=soft -mthumb -Wl,--start-group -lc -lm -Wl,--end-group
Finished building target: MKS2.elf
 
arm-none-eabi-size  MKS2.elf 
arm-none-eabi-objdump -h -S MKS2.elf  > "MKS2.list"
   text	   data	    bss	    dec	    hex	filename
   5376	      8	   1576	   6960	   1b30	MKS2.elf
Finished building: default.size.stdout
 
Finished building: MKS2.list
 
12:40:27 **** Incremental Build of configuration Debug for project MKS2 ****
make -j4 all 
arm-none-eabi-gcc "../Core/Src/main.c" -mcpu=cortex-m0 -std=gnu11 -g3 -DDEBUG -DSTM32F030x8 -DUSE_FULL_LL_DRIVER -DHSE_VALUE=8000000 -DHSE_STARTUP_TIMEOUT=100 -DLSE_STARTUP_TIMEOUT=5000 -DLSE_VALUE=32768 -DHSI_VALUE=8000000 -DLSI_VALUE=40000 -DVDD_VALUE=3300 -DPREFETCH_ENABLE=1 -DINSTRUCTION_CACHE_ENABLE=0 -DDATA_CACHE_ENABLE=0 -c -I../Core/Inc -I../Drivers/STM32F0xx_HAL_Driver/Inc -I../Drivers/CMSIS/Device/ST/STM32F0xx/Include -I../Drivers/CMSIS/Include -O0 -ffunction-sections -fdata-sections -Wall -fstack-usage -fcyclomatic-complexity -MMD -MP -MF"Core/Src/main.d" -MT"Core/Src/main.o" --specs=nano.specs -mfloat-abi=soft -mthumb -o "Core/Src/main.o"
arm-none-eabi-gcc -o "MKS2.elf" @"objects.list"   -mcpu=cortex-m0 -T"C:\Temp\Hajka\MKS2025\MKS2\MKS2\STM32F030R8TX_FLASH.ld" --specs=nosys.specs -Wl,-Map="MKS2.map" -Wl,--gc-sections -static --specs=nano.specs -mfloat-abi=soft -mthumb -Wl,--start-group -lc -lm -Wl,--end-group
Finished building target: MKS2.elf
 
arm-none-eabi-size  MKS2.elf 
arm-none-eabi-objdump -h -S MKS2.elf  > "MKS2.list"
   text	   data	    bss	    dec	    hex	filename
   5344	      4	   1588	   6936	   1b18	MKS2.elf
Finished building: default.size.stdout
 
Finished building: MKS2.list
 
12:48:12 **** Incremental Build of configuration Debug for project MKS2 ****
make -j4 all 
arm-none-eabi-gcc "../Core/Src/main.c" -mcpu=cortex-m0 -std=gnu11 -g3 -DDEBUG -DSTM32F030x8 -DUSE_FULL_LL_DRIVER -DHSE_VALUE=8000000 -DHSE_STARTUP_TIMEOUT=100 -DLSE_STARTUP_TIMEOUT=5000 -DLSE_VALUE=32768 -DHSI_VALUE=8000000 -DLSI_VALUE=40000 -DVDD_VALUE=3300 -DPREFETCH_ENABLE=1 -DINSTRUCTION_CACHE_ENABLE=0 -DDATA_CACHE_ENABLE=0 -c -I../Core/Inc -I../Drivers/STM32F0xx_HAL_Driver/Inc -I../Drivers/CMSIS/Device/ST/STM32F0xx/Include -I../Drivers/CMSIS/Include -O0 -ffunction-sections -fdata-sections -Wall -fstack-usage -fcyclomatic-complexity -MMD -MP -MF"Core/Src/main.d" -MT"Core/Src/main.o" --specs=nano.specs -mfloat-abi=soft -mthumb -o "Core/Src/main.o"
arm-none-eabi-gcc -o "MKS2.elf" @"objects.list"   -mcpu=cortex-m0 -T"C:\Temp\Hajka\MKS2025\MKS2\MKS2\STM32F030R8TX_FLASH.ld" --specs=nosys.specs -Wl,-Map="MKS2.map" -Wl,--gc-sections -static --specs=nano.specs -mfloat-abi=soft -mthumb -Wl,--start-group -lc -lm -Wl,--end-group
Finished building target: MKS2.elf
 
arm-none-eabi-size  MKS2.elf 
arm-none-eabi-objdump -h -S MKS2.elf  > "MKS2.list"
   text	   data	    bss	    dec	    hex	filename
   5376	      8	   1576	   6960	   1b30	MKS2.elf
Finished building: default.size.stdout
 
Finished building: MKS2.list
 
12:50:54 **** Incremental Build of configuration Debug for project MKS2 ****
make -j4 all 
arm-none-eabi-gcc "../Core/Src/main.c" -mcpu=cortex-m0 -std=gnu11 -g3 -DDEBUG -DSTM32F030x8 -DUSE_FULL_LL_DRIVER -DHSE_VALUE=8000000 -DHSE_STARTUP_TIMEOUT=100 -DLSE_STARTUP_TIMEOUT=5000 -DLSE_VALUE=32768 -DHSI_VALUE=8000000 -DLSI_VALUE=40000 -DVDD_VALUE=3300 -DPREFETCH_ENABLE=1 -DINSTRUCTION_CACHE_ENABLE=0 -DDATA_CACHE_ENABLE=0 -c -I../Core/Inc -I../Drivers/STM32F0xx_HAL_Driver/Inc -I../Drivers/CMSIS/Device/ST/STM32F0xx/Include -I../Drivers/CMSIS/Include -O0 -ffunction-sections -fdata-sections -Wall -fstack-usage -fcyclomatic-complexity -MMD -MP -MF"Core/Src/main.d" -MT"Core/Src/main.o" --specs=nano.specs -mfloat-abi=soft -mthumb -o "Core/Src/main.o"
arm-none-eabi-gcc -o "MKS2.elf" @"objects.list"   -mcpu=cortex-m0 -T"C:\Temp\Hajka\MKS2025\MKS2\MKS2\STM32F030R8TX_FLASH.ld" --specs=nosys.specs -Wl,-Map="MKS2.map" -Wl,--gc-sections -static --specs=nano.specs -mfloat-abi=soft -mthumb -Wl,--start-group -lc -lm -Wl,--end-group
Finished building target: MKS2.elf
 
arm-none-eabi-size  MKS2.elf 
arm-none-eabi-objdump -h -S MKS2.elf  > "MKS2.list"
   text	   data	    bss	    dec	    hex	filename
   5376	      8	   1576	   6960	   1b30	MKS2.elf
Finished building: default.size.stdout
 
Finished building: MKS2.list
 
12:55:03 **** Incremental Build of configuration Debug for project MKS2 ****
make -j4 all 
arm-none-eabi-gcc "../Core/Src/main.c" -mcpu=cortex-m0 -std=gnu11 -g3 -DDEBUG -DSTM32F030x8 -DUSE_FULL_LL_DRIVER -DHSE_VALUE=8000000 -DHSE_STARTUP_TIMEOUT=100 -DLSE_STARTUP_TIMEOUT=5000 -DLSE_VALUE=32768 -DHSI_VALUE=8000000 -DLSI_VALUE=40000 -DVDD_VALUE=3300 -DPREFETCH_ENABLE=1 -DINSTRUCTION_CACHE_ENABLE=0 -DDATA_CACHE_ENABLE=0 -c -I../Core/Inc -I../Drivers/STM32F0xx_HAL_Driver/Inc -I../Drivers/CMSIS/Device/ST/STM32F0xx/Include -I../Drivers/CMSIS/Include -O0 -ffunction-sections -fdata-sections -Wall -fstack-usage -fcyclomatic-complexity -MMD -MP -MF"Core/Src/main.d" -MT"Core/Src/main.o" --specs=nano.specs -mfloat-abi=soft -mthumb -o "Core/Src/main.o"
../Core/Src/main.c: In function 'button':
../Core/Src/main.c:77:21: error: redefinition of 'old_time'
   77 |     static uint32_t old_time =debounce;
      |                     ^~~~~~~~
../Core/Src/main.c:76:21: note: previous definition of 'old_time' with type 'uint32_t' {aka 'long unsigned int'}
   76 |     static uint32_t old_time = 0;
      |                     ^~~~~~~~
../Core/Src/main.c:77:31: error: 'debounce' undeclared (first use in this function); did you mean 'debounce_s1'?
   77 |     static uint32_t old_time =debounce;
      |                               ^~~~~~~~
      |                               debounce_s1
../Core/Src/main.c:77:31: note: each undeclared identifier is reported only once for each function it appears in
../Core/Src/main.c:77:21: warning: unused variable 'old_time' [-Wunused-variable]
   77 |     static uint32_t old_time =debounce;
      |                     ^~~~~~~~
make: *** [Core/Src/subdir.mk:31: Core/Src/main.o] Error 1
"make -j4 all" terminated with exit code 2. Build might be incomplete.
12:55:15 **** Incremental Build of configuration Debug for project MKS2 ****
make -j4 all 
arm-none-eabi-gcc "../Core/Src/main.c" -mcpu=cortex-m0 -std=gnu11 -g3 -DDEBUG -DSTM32F030x8 -DUSE_FULL_LL_DRIVER -DHSE_VALUE=8000000 -DHSE_STARTUP_TIMEOUT=100 -DLSE_STARTUP_TIMEOUT=5000 -DLSE_VALUE=32768 -DHSI_VALUE=8000000 -DLSI_VALUE=40000 -DVDD_VALUE=3300 -DPREFETCH_ENABLE=1 -DINSTRUCTION_CACHE_ENABLE=0 -DDATA_CACHE_ENABLE=0 -c -I../Core/Inc -I../Drivers/STM32F0xx_HAL_Driver/Inc -I../Drivers/CMSIS/Device/ST/STM32F0xx/Include -I../Drivers/CMSIS/Include -O0 -ffunction-sections -fdata-sections -Wall -fstack-usage -fcyclomatic-complexity -MMD -MP -MF"Core/Src/main.d" -MT"Core/Src/main.o" --specs=nano.specs -mfloat-abi=soft -mthumb -o "Core/Src/main.o"
../Core/Src/main.c: In function 'button':
../Core/Src/main.c:76:21: warning: unused variable 'old_time' [-Wunused-variable]
   76 |     static uint32_t old_time = 0;
      |                     ^~~~~~~~
arm-none-eabi-gcc -o "MKS2.elf" @"objects.list"   -mcpu=cortex-m0 -T"C:\Temp\Hajka\MKS2025\MKS2\MKS2\STM32F030R8TX_FLASH.ld" --specs=nosys.specs -Wl,-Map="MKS2.map" -Wl,--gc-sections -static --specs=nano.specs -mfloat-abi=soft -mthumb -Wl,--start-group -lc -lm -Wl,--end-group
Finished building target: MKS2.elf
 
arm-none-eabi-size  MKS2.elf 
arm-none-eabi-objdump -h -S MKS2.elf  > "MKS2.list"
   text	   data	    bss	    dec	    hex	filename
   5404	      8	   1584	   6996	   1b54	MKS2.elf
Finished building: default.size.stdout
 
Finished building: MKS2.list
 
12:56:04 **** Incremental Build of configuration Debug for project MKS2 ****
make -j4 all 
arm-none-eabi-gcc "../Core/Src/main.c" -mcpu=cortex-m0 -std=gnu11 -g3 -DDEBUG -DSTM32F030x8 -DUSE_FULL_LL_DRIVER -DHSE_VALUE=8000000 -DHSE_STARTUP_TIMEOUT=100 -DLSE_STARTUP_TIMEOUT=5000 -DLSE_VALUE=32768 -DHSI_VALUE=8000000 -DLSI_VALUE=40000 -DVDD_VALUE=3300 -DPREFETCH_ENABLE=1 -DINSTRUCTION_CACHE_ENABLE=0 -DDATA_CACHE_ENABLE=0 -c -I../Core/Inc -I../Drivers/STM32F0xx_HAL_Driver/Inc -I../Drivers/CMSIS/Device/ST/STM32F0xx/Include -I../Drivers/CMSIS/Include -O0 -ffunction-sections -fdata-sections -Wall -fstack-usage -fcyclomatic-complexity -MMD -MP -MF"Core/Src/main.d" -MT"Core/Src/main.o" --specs=nano.specs -mfloat-abi=soft -mthumb -o "Core/Src/main.o"
arm-none-eabi-gcc -o "MKS2.elf" @"objects.list"   -mcpu=cortex-m0 -T"C:\Temp\Hajka\MKS2025\MKS2\MKS2\STM32F030R8TX_FLASH.ld" --specs=nosys.specs -Wl,-Map="MKS2.map" -Wl,--gc-sections -static --specs=nano.specs -mfloat-abi=soft -mthumb -Wl,--start-group -lc -lm -Wl,--end-group
Finished building target: MKS2.elf
 
arm-none-eabi-size  MKS2.elf 
arm-none-eabi-objdump -h -S MKS2.elf  > "MKS2.list"
   text	   data	    bss	    dec	    hex	filename
   5404	      8	   1584	   6996	   1b54	MKS2.elf
Finished building: default.size.stdout
 
Finished building: MKS2.list
 
